[www.kumawatconstructions.com/index.html]
[backblue.gif]
[fade.gif]
[index.html]
[www.kumawatconstructions.com/assets/icon/apple-touch-icon-158-precomposed.png]
[cdnjs.cloudflare.com/ajax/libs/font-awesome/4.7.0/css/font-awesome.min.css]
[www.kumawatconstructions.com/administrator/assets/dist/img/headerimage/300x3001111.png]
[www.kumawatconstructions.com/-.html]
[www.kumawatconstructions.com/index-2.html]
[www.kumawatconstructions.com/administrator/assets/dist/img/logo/500x50011.png]
[www.kumawatconstructions.com/aboutus.html]
[www.kumawatconstructions.com/services.html]
[www.kumawatconstructions.com/projects.html]
[www.kumawatconstructions.com/gallery.html]
[www.kumawatconstructions.com/administrator/assets/dist/img/slider/1.jpg]
[www.kumawatconstructions.com/blog.html]
[www.kumawatconstructions.com/contactus.html]
[www.kumawatconstructions.com/administrator/assets/dist/img/slider/2.jpg]
[www.kumawatconstructions.com/administrator/assets/dist/img/slider/3.jpg]
[www.kumawatconstructions.com/administrator/assets/dist/img/slider/4.jpg]
[www.kumawatconstructions.com/administrator/assets/dist/img/slider/5.jpg]
[www.kumawatconstructions.com/administrator/assets/dist/img/slider/slideNew1.jpg]
[www.kumawatconstructions.com/administrator/assets/dist/img/events/cracks-250x250.jpg]
[www.kumawatconstructions.com/servicedetails/9.html]
[www.kumawatconstructions.com/administrator/assets/dist/img/events/jquar-min-1.jpg]
[www.kumawatconstructions.com/administrator/assets/dist/img/events/onur-marble-granite-home-ss-06.jpg]
[www.kumawatconstructions.com/servicedetails/8.html]
[www.kumawatconstructions.com/administrator/assets/dist/img/events/lighting design service_0.jpg]
[www.kumawatconstructions.com/servicedetails/7.html]
[www.kumawatconstructions.com/servicedetails/6.html]
[www.kumawatconstructions.com/administrator/assets/dist/img/events/WhatsApp Image 2020-09-02 at 15.21.25.jpg]
[www.kumawatconstructions.com/administrator/assets/dist/img/events/IMG-20190626-WA0024.jpg]
[www.kumawatconstructions.com/servicedetails/5.html]
[www.kumawatconstructions.com/administrator/assets/dist/img/events/images.jpg]
[www.kumawatconstructions.com/servicedetails/4.html]
[www.kumawatconstructions.com/administrator/assets/dist/img/events/sharing-facebook.png]
[www.kumawatconstructions.com/servicedetails/3.html]
[www.kumawatconstructions.com/administrator/assets/dist/img/events/Web_Photo_Editor.jpg]
[www.kumawatconstructions.com/servicedetails/2.html]
[www.kumawatconstructions.com/assets/img/project/project-1-370x245.jpg]
[www.kumawatconstructions.com/servicedetails/1.html]
[www.kumawatconstructions.com/assets/img/project/project-2-370x245.jpg]
[www.kumawatconstructions.com/assets/img/project/project-3-370x245.jpg]
[www.kumawatconstructions.com/assets/img/project/project-4-370x245.jpg]
[www.kumawatconstructions.com/assets/img/project/project-5-370x245.jpg]
[www.kumawatconstructions.com/assets/img/project/project-6-370x245.jpg]
[www.kumawatconstructions.com/assets/js/jquery.min.js]
[www.kumawatconstructions.com/assets/js/plugins.js]
[www.kumawatconstructions.com/assets/js/tether.min.js]
[www.kumawatconstructions.com/assets/js/bootstrap.min.js]
[www.kumawatconstructions.com/assets/js/animsition.js]
[www.kumawatconstructions.com/assets/js/owl.carousel.min.js]
[www.kumawatconstructions.com/assets/js/countto.js]
[www.kumawatconstructions.com/assets/js/equalize.min.js]
[www.kumawatconstructions.com/assets/js/jquery.isotope.min.js]
[www.kumawatconstructions.com/assets/js/owl.carousel2.thumbs.js]
[www.kumawatconstructions.com/assets/js/toastr.min.js]
[www.kumawatconstructions.com/assets/js/jquery.cookie.js]
[www.kumawatconstructions.com/assets/js/shortcodes.js]
[www.kumawatconstructions.com/assets/js/main.js]
[www.kumawatconstructions.com/includes/rev-slider/js/jquery.themepunch.tools.min.js]
[www.kumawatconstructions.com/includes/rev-slider/js/jquery.themepunch.revolution.min.js]
[www.kumawatconstructions.com/assets/js/rev-slider.js]
[www.kumawatconstructions.com/includes/rev-slider/js/extensions/revolution.extension.actions.min.js]
[www.kumawatconstructions.com/includes/rev-slider/js/extensions/revolution.extension.carousel.min.js]
[www.kumawatconstructions.com/includes/rev-slider/js/extensions/revolution.extension.kenburn.min.js]
[www.kumawatconstructions.com/includes/rev-slider/js/extensions/revolution.extension.layeranimation.min.js]
[www.kumawatconstructions.com/includes/rev-slider/js/extensions/revolution.extension.migration.min.js]
[www.kumawatconstructions.com/includes/rev-slider/js/extensions/revolution.extension.navigation.min.js]
[www.kumawatconstructions.com/includes/rev-slider/js/extensions/revolution.extension.parallax.min.js]
[www.kumawatconstructions.com/includes/rev-slider/js/extensions/revolution.extension.slideanims.min.js]
[www.kumawatconstructions.com/includes/rev-slider/js/extensions/revolution.extension.video.min.js]
[www.kumawatconstructions.com/index.html]
[www.kumawatconstructions.com/assets/img/page/bg-quote.jpg]
[www.kumawatconstructions.com/assets/img/page/bg-iconbox.jpg]
[www.kumawatconstructions.com/assets/img/page/bg-footer.jpg]
[www.kumawatconstructions.com/assets/img/page/bg-contact.png]
[www.kumawatconstructions.com/style.css]
[www.kumawatconstructions.com/assets/css/colors/color1.css]
[www.kumawatconstructions.com/assets/css/toastr.min.css]
[cdnjs.cloudflare.com/ajax/libs/font-awesome/4.7.0/css/font-awesome.min.css]
[www.kumawatconstructions.com/-.html]
[www.kumawatconstructions.com/index-2.html]
[www.kumawatconstructions.com/aboutus.html]
[www.kumawatconstructions.com/services.html]
[www.kumawatconstructions.com/administrator/assets/dist/img/post/WhatsApp Image 2022-01-19 at 17.52.31.jpg]
[www.kumawatconstructions.com/home.html]
[www.kumawatconstructions.com/administrator/assets/dist/img/post/WhatsApp Image 2022-01-19 at 17.50.55.jpg]
[www.kumawatconstructions.com/project-details/14.html]
[www.kumawatconstructions.com/administrator/assets/dist/img/post/WhatsApp Image 2022-01-19 at 17.40.19.jpg]
[www.kumawatconstructions.com/project-details/13.html]
[www.kumawatconstructions.com/administrator/assets/dist/img/post/WhatsApp Image 2022-01-19 at 17.36.18.jpg]
[www.kumawatconstructions.com/project-details/12.html]
[www.kumawatconstructions.com/project-details/11.html]
[www.kumawatconstructions.com/administrator/assets/dist/img/post/WhatsApp Image 2022-01-19 at 17.35.13.jpg]
[www.kumawatconstructions.com/administrator/assets/dist/img/post/WhatsApp Image 2022-01-19 at 17.32.52.jpg]
[www.kumawatconstructions.com/administrator/assets/dist/img/post/WhatsApp Image 2022-01-19 at 17.19.24.jpg]
[www.kumawatconstructions.com/project-details/10.html]
[www.kumawatconstructions.com/administrator/assets/dist/img/post/WhatsApp Image 2022-01-19 at 17.13.13.jpg]
[www.kumawatconstructions.com/project-details/9.html]
[www.kumawatconstructions.com/administrator/assets/dist/img/post/e7bfa952-233b-4ce9-b72d-973c066a2e55.jpg]
[www.kumawatconstructions.com/project-details/8.html]
[www.kumawatconstructions.com/project-details/7.html]
[www.kumawatconstructions.com/administrator/assets/dist/img/post/5bf4caec-dc5c-4c59-8d1f-2ed12287e3a8.jpg]
[www.kumawatconstructions.com/project-details/6.html]
[www.kumawatconstructions.com/administrator/assets/dist/img/post/47a016d0-2806-40c1-aa91-22a6881fa07b.jpg]
[www.kumawatconstructions.com/project-details/5.html]
[www.kumawatconstructions.com/administrator/assets/dist/img/post/2a4791fa-afef-4714-bf16-6e6a502682b5.jpg]
[www.kumawatconstructions.com/project-details/4.html]
[www.kumawatconstructions.com/administrator/assets/dist/img/post/IMG-20180603-WA0010.jpg]
[www.kumawatconstructions.com/project-details/3.html]
[www.kumawatconstructions.com/administrator/assets/dist/img/post/WhatsApp Image 2022-01-19 at 17.06.42.jpg]
[www.kumawatconstructions.com/project-details/2.html]
[www.kumawatconstructions.com/projects.html]
[www.kumawatconstructions.com/gallery.html]
[www.kumawatconstructions.com/project-details/1.html]
[www.kumawatconstructions.com/administrator/assets/dist/img/blog/kerala-model1.jpg]
[www.kumawatconstructions.com/blogdetails/1.html]
[www.kumawatconstructions.com/administrator/assets/dist/img/blog/maxresdefault.jpg]
[www.kumawatconstructions.com/blogdetails/2.html]
[www.kumawatconstructions.com/postdetails/1.html]
[www.kumawatconstructions.com/postdetails/2.html]
[www.kumawatconstructions.com/postdetails/3.html]
[www.kumawatconstructions.com/postdetails/4.html]
[www.kumawatconstructions.com/blog/index1c04.html]
[www.kumawatconstructions.com/postdetails/5.html]
[www.kumawatconstructions.com/postdetails/6.html]
[www.kumawatconstructions.com/postdetails/7.html]
[www.kumawatconstructions.com/blog/index.html]
[www.kumawatconstructions.com/postdetails/8.html]
[www.kumawatconstructions.com/postdetails/9.html]
[www.kumawatconstructions.com/postdetails/10.html]
[www.kumawatconstructions.com/postdetails/11.html]
[www.kumawatconstructions.com/postdetails/12.html]
[www.kumawatconstructions.com/blog.html]
[www.kumawatconstructions.com/contactus.html]
[www.kumawatconstructions.com/servicedetails/9.html]
[www.kumawatconstructions.com/servicedetails/8.html]
[www.kumawatconstructions.com/servicedetails/7.html]
[www.kumawatconstructions.com/servicedetails/6.html]
[www.kumawatconstructions.com/servicedetails/5.html]
[www.kumawatconstructions.com/servicedetails/4.html]
[www.kumawatconstructions.com/servicedetails/3.html]
[www.kumawatconstructions.com/servicedetails/2.html]
[www.kumawatconstructions.com/servicedetails/1.html]
[www.kumawatconstructions.com/assets/css/bootstrap.css]
[www.kumawatconstructions.com/assets/css/animate.css]
[www.kumawatconstructions.com/assets/css/animsition.css]
[www.kumawatconstructions.com/postdetails/13.html]
[www.kumawatconstructions.com/postdetails/14.html]
[www.kumawatconstructions.com/assets/css/woocommerce.css]
[www.kumawatconstructions.com/assets/css/owl.carousel.css]
[www.kumawatconstructions.com/assets/img/star.html]
[www.kumawatconstructions.com/assets/font/fontawesome-webfont3e6e.eot]
[www.kumawatconstructions.com/assets/css/owl.video.play.html]
[www.kumawatconstructions.com/assets/font/fontawesome-webfontd41d.eot]
[www.kumawatconstructions.com/assets/font/fontawesome-webfont3e6e.woff2]
[www.kumawatconstructions.com/assets/font/fontawesome-webfont3e6e.woff]
[www.kumawatconstructions.com/assets/font/fontawesome-webfont3e6e.ttf]
[www.kumawatconstructions.com/assets/css/font-awesome.css]
[www.kumawatconstructions.com/assets/font/ionicons28b5.eot]
[www.kumawatconstructions.com/assets/font/ionicons28b5.ttf]
[www.kumawatconstructions.com/assets/font/ionicons28b5.woff]
[www.kumawatconstructions.com/assets/css/ionicons.css]
[www.kumawatconstructions.com/assets/font/et-line.eot]
[www.kumawatconstructions.com/assets/font/et-lined41d.eot]
[www.kumawatconstructions.com/assets/font/et-line.woff]
[www.kumawatconstructions.com/assets/font/et-line.ttf]
[www.kumawatconstructions.com/assets/css/font-etline.css]
[www.kumawatconstructions.com/assets/font/autoraicond44c.eot]
[www.kumawatconstructions.com/assets/font/autoraicond44c.ttf]
[www.kumawatconstructions.com/assets/font/autoraicond44c.woff]
[www.kumawatconstructions.com/assets/css/autora-icons.css]
[www.kumawatconstructions.com/assets/img/gallery/gallery-1-960x560.jpg]
[www.kumawatconstructions.com/assets/img/bg-services-1-420x330.jpg]
[www.kumawatconstructions.com/assets/img/parallax/parallax-1.jpg]
[www.kumawatconstructions.com/assets/img/parallax/parallax-2.jpg]
[www.kumawatconstructions.com/assets/img/parallax/parallax-3.jpg]
[www.kumawatconstructions.com/assets/img/parallax/parallax-4.jpg]
[www.kumawatconstructions.com/assets/css/shortcodes.css]
[www.kumawatconstructions.com/includes/rev-slider/fonts/revicons/revicons90c690c6.eot]
[www.kumawatconstructions.com/includes/rev-slider/fonts/revicons/revicons90c690c6.woff]
[www.kumawatconstructions.com/includes/rev-slider/fonts/revicons/revicons90c690c6.ttf]
[www.kumawatconstructions.com/includes/rev-slider/css/openhand.123]
[www.kumawatconstructions.com/includes/rev-slider/css/closedhand.123]
[www.kumawatconstructions.com/includes/rev-slider/assets/gridtile.png]
[www.kumawatconstructions.com/includes/rev-slider/assets/gridtile_white.png]
[www.kumawatconstructions.com/includes/rev-slider/assets/gridtile_3x3.png]
[www.kumawatconstructions.com/includes/rev-slider/assets/gridtile_3x3_white.png]
[www.kumawatconstructions.com/includes/rev-slider/assets/coloredbg.png]
[www.kumawatconstructions.com/includes/rev-slider/assets/loader.gif]
[www.kumawatconstructions.com/includes/rev-slider/css/settings.css]
[www.kumawatconstructions.com/includes/rev-slider/css/layers.css]
[www.kumawatconstructions.com/includes/rev-slider/css/navigation.css]
[www.kumawatconstructions.com/home.html]
[www.kumawatconstructions.com/project-details/14.html]
[www.kumawatconstructions.com/project-details/13.html]
[www.kumawatconstructions.com/project-details/12.html]
[www.kumawatconstructions.com/project-details/11.html]
[www.kumawatconstructions.com/project-details/10.html]
[www.kumawatconstructions.com/project-details/9.html]
[www.kumawatconstructions.com/project-details/8.html]
[www.kumawatconstructions.com/project-details/7.html]
[www.kumawatconstructions.com/project-details/6.html]
[www.kumawatconstructions.com/project-details/5.html]
[www.kumawatconstructions.com/project-details/4.html]
[www.kumawatconstructions.com/project-details/3.html]
[www.kumawatconstructions.com/project-details/2.html]
[www.kumawatconstructions.com/project-details/1.html]
[www.kumawatconstructions.com/assets/img/testimonials/avatar-1-80x80.jpg]
[www.kumawatconstructions.com/blogdetails/1.html]
[www.kumawatconstructions.com/assets/img/testimonials/avatar-2-80x80.jpg]
[www.kumawatconstructions.com/blogdetails/2.html]
[www.kumawatconstructions.com/blog/index1c04.html]
[www.kumawatconstructions.com/blog/index.html]
[www.kumawatconstructions.com/postdetails/1.html]
[www.kumawatconstructions.com/postdetails/2.html]
[www.kumawatconstructions.com/postdetails/3.html]
[www.kumawatconstructions.com/postdetails/4.html]
[www.kumawatconstructions.com/postdetails/5.html]
[www.kumawatconstructions.com/postdetails/6.html]
[www.kumawatconstructions.com/postdetails/7.html]
[www.kumawatconstructions.com/postdetails/8.html]
[www.kumawatconstructions.com/postdetails/9.html]
[www.kumawatconstructions.com/postdetails/10.html]
[www.kumawatconstructions.com/postdetails/11.html]
[www.kumawatconstructions.com/postdetails/12.html]
[www.kumawatconstructions.com/postdetails/13.html]
[www.kumawatconstructions.com/postdetails/14.html]
[www.kumawatconstructions.com/assets/img/star.html]
[www.kumawatconstructions.com/assets/css/owl.video.play.html]
[www.kumawatconstructions.com/assets/font/fontawesome-webfont3e6e.svg]
[www.kumawatconstructions.com/assets/font/ionicons28b5.svg]
[www.kumawatconstructions.com/assets/font/et-line.svg]
[www.kumawatconstructions.com/assets/font/autoraicond44c.svg]
[www.kumawatconstructions.com/includes/rev-slider/fonts/revicons/revicons90c690c6.svg]
