[kickhead.in/index.html]
[backblue.gif]
[fade.gif]
[index.html]
[kickhead.in/static/kickhead/icons/favicon.png]
[maxcdn.bootstrapcdn.com/bootstrap/3.3.7/css/bootstrap.min.css]
[kickhead.in/static/kickhead/icons/logo_name_transparent_small.png]
[kickhead.in/static/kickhead/img/divider_home_work.png]
[kickhead.in/static/kickhead/img/VajiramLogo.png]
[kickhead.in/static/kickhead/img/vajiram_showcase_1.jpg]
[kickhead.in/static/kickhead/img/IIMB_logo.png]
[kickhead.in/static/kickhead/img/iimb_showcase_blank.jpg]
[kickhead.in/static/kickhead/img/kiran-prakashan-logo.png]
[kickhead.in/static/kickhead/img/kicx_showcase_blank.jpg]
[kickhead.in/static/kickhead/img/testpot_logo.png]
[kickhead.in/static/kickhead/img/testPot_showcase_blank.jpg]
[kickhead.in/static/kickhead/img/govjobadda_logo.png]
[kickhead.in/static/kickhead/img/govjobadda_showcase_blank.jpg]
[kickhead.in/static/kickhead/img/divider_work_about.png]
[kickhead.in/static/kickhead/img/divider_about_team.png]
[kickhead.in/static/kickhead/img/sample2.jpg]
[kickhead.in/static/kickhead/img/sample3.jpg]
[kickhead.in/static/kickhead/img/sample4.jpg]
[kickhead.in/static/kickhead/img/sample8.jpg]
[kickhead.in/static/kickhead/img/sample6.jpg]
[kickhead.in/static/kickhead/img/sample9.jpg]
[kickhead.in/static/kickhead/img/sample5.jpg]
[kickhead.in/static/kickhead/img/sample7.jpg]
[kickhead.in/static/kickhead/img/potrait_sagnik.jpg]
[kickhead.in/static/kickhead/img/divider_about_team_inverse.png]
[kickhead.in/static/kickhead/icons/logo_name_transparent.png]
[ajax.googleapis.com/ajax/libs/jquery/3.3.1/jquery.min.js]
[kickhead.in/index.html]
[maxcdn.bootstrapcdn.com/bootstrap/3.3.7/css/bootstrap.min.css]
[maxcdn.bootstrapcdn.com/bootstrap/3.4.0/js/bootstrap.min.js]
[kickhead.in/static/kickhead/Fonts/1444649/3d9ec9a9-76a2-4cfe-b376-76e7340c3b50d41d.eot]
[kickhead.in/static/kickhead/Fonts/1444649/e0d6f852-5401-4bbf-9672-47a50c5c87c6.woff2]
[kickhead.in/static/kickhead/Fonts/1444649/7fedd582-6ae3-4850-be2f-4acae2e74fa5.woff]
[kickhead.in/static/kickhead/Fonts/1444649/d6e08ef3-40db-4ac3-82df-f062f55a72f5.ttf]
[kickhead.in/static/kickhead/css/style_newae52.css]
[kickhead.in/static/kickhead/img/landing_page_graphic_2.svg]
[kickhead.in/static/kickhead/img/fb_logo.svg]
[kickhead.in/static/kickhead/img/hamburger.svg]
